============================= test session starts =============================
platform win32 -- Python 3.10.8, pytest-7.1.3, pluggy-1.0.0 -- C:\Users\ichak\AppData\Local\Programs\Python\Python310\python.exe
cachedir: .pytest_cache
pytest-mutagen-1.3 : Mutations disabled
rootdir: C:\Users\ichak\Desktop\Methode Test\Jour4\GildedRose-Refactoring-Kata-main\python
plugins: cov-4.0.0, mutagen-1.3
collecting ... collected 11 items

test_gilded_rose.py::test_foo PASSED                                     [  9%]
test_gilded_rose.py::test_¯tems_is_empty PASSED                          [ 18%]
test_gilded_rose.py::test_if_dlc_out_quality_recrease_twice PASSED       [ 27%]
test_gilded_rose.py::test_qulity_never_should_be_negative PASSED         [ 36%]
test_gilded_rose.py::test_quality_never_over_50 PASSED                   [ 45%]
test_gilded_rose.py::test_quality_of_aged_brie_increase PASSED           [ 54%]
test_gilded_rose.py::test_sulfuras_never_move_for_sellIn PASSED          [ 63%]
test_gilded_rose.py::test_sulfuras_never_move_for_qulity PASSED          [ 72%]
test_gilded_rose.py::test_for_backstage_passes_quality_up_by_2_when_dlc_10to5 PASSED [ 81%]
test_gilded_rose.py::test_for_backstage_passes_quality_up_by_3_when_dlc_5to0 PASSED [ 90%]
test_gilded_rose.py::test_for_backstage_passes_quality_drop_to_0_after_the_concert PASSED [100%]

---------- coverage: platform win32, python 3.10.8-final-0 -----------
Name                  Stmts   Miss  Cover
-----------------------------------------
gilded_rose.py           36      2    94%
test_gilded_rose.py      64      4    94%
-----------------------------------------
TOTAL                   100      6    94%


============================= 11 passed in 0.17s ==============================
